// Jest Snapshot v1, https://goo.gl/fbAQLP

exports[`should render ExpenseList component with expenses 1`] = `
<div>
  <ExpenseListItem
    amount={195}
    createdAt={0}
    description="Gym walk"
    id="1"
    key="1"
    note=""
  />
  <ExpenseListItem
    amount={109000}
    createdAt={-345600000}
    description="Rent"
    id="2"
    key="2"
    note=""
  />
  <ExpenseListItem
    amount={4500}
    createdAt={345600000}
    description="Credit Cart"
    id="3"
    key="3"
    note=""
  />
</div>
`;

exports[`should render error message if no expenses 1`] = `
<div>
  <p>
    No expenses
  </p>
</div>
`;
